2025-03-29 21:17:50,190 INFO: 博客应用启动 [in G:\test111 25.3.291449\app.py:115]
2025-03-29 21:17:52,631 INFO: 博客应用启动 [in G:\test111 25.3.291449\app.py:115]
2025-03-29 21:32:05,105 INFO: 博客应用启动 [in G:\test111 25.3.291449\app.py:115]
2025-03-30 07:57:34,521 INFO: 博客应用启动 [in G:\新建文件夹\catweb\app.py:115]
2025-03-30 07:57:34,577 INFO: 创建目录: G:\新建文件夹\catweb\static\uploads\editor [in G:\新建文件夹\catweb\app.py:3028]
2025-03-30 07:57:35,917 INFO: 博客应用启动 [in G:\新建文件夹\catweb\app.py:115]
2025-03-30 07:57:49,245 ERROR: 访问文章页面出错: can only concatenate str (not "NoneType") to str [in G:\新建文件夹\catweb\app.py:459]
2025-03-30 08:00:02,277 INFO: 博客应用启动 [in G:\test111 25.3.291449\app.py:115]
2025-03-30 08:00:03,837 INFO: 博客应用启动 [in G:\test111 25.3.291449\app.py:115]
2025-03-30 08:02:12,839 ERROR: 访问文章页面出错: can only concatenate str (not "NoneType") to str [in G:\test111 25.3.291449\app.py:459]
2025-03-30 08:04:22,194 INFO: 博客应用启动 [in G:\test111 25.3.291449\app.py:115]
2025-03-30 08:05:55,167 INFO: 博客应用启动 [in G:\test111 25.3.291449\app.py:115]
2025-03-30 08:05:56,676 INFO: 博客应用启动 [in G:\test111 25.3.291449\app.py:115]
2025-03-30 08:07:39,543 INFO: 博客应用启动 [in G:\test111 25.3.291449\app.py:115]
2025-03-30 08:10:26,190 INFO: 博客应用启动 [in G:\test111 25.3.291449\app.py:115]
2025-03-30 08:10:41,113 INFO: 博客应用启动 [in G:\test111 25.3.291449\app.py:115]
2025-03-30 08:11:44,219 INFO: 博客应用启动 [in G:\test111 25.3.291449\app.py:115]
2025-03-30 08:13:19,876 INFO: 博客应用启动 [in G:\test111 25.3.291449\app.py:115]
2025-03-30 08:15:57,768 INFO: 博客应用启动 [in G:\test111 25.3.291449\app.py:115]
2025-03-30 08:18:04,319 INFO: 博客应用启动 [in G:\test111 25.3.291449\app.py:115]
2025-03-30 08:18:05,757 INFO: 博客应用启动 [in G:\test111 25.3.291449\app.py:115]
2025-03-30 08:20:38,274 INFO: 博客应用启动 [in G:\test111 25.3.291449\app.py:115]
2025-03-30 08:23:01,389 INFO: 博客应用启动 [in G:\test111 25.3.291449\app.py:115]
2025-03-30 08:25:46,231 INFO: 博客应用启动 [in G:\test111 25.3.291449\app.py:115]
2025-03-30 08:25:48,269 INFO: 博客应用启动 [in G:\test111 25.3.291449\app.py:115]
2025-03-30 08:32:34,298 INFO: 博客应用启动 [in G:\test111 25.3.291449\app.py:115]
2025-03-30 08:32:36,143 INFO: 博客应用启动 [in G:\test111 25.3.291449\app.py:115]
2025-03-30 08:34:29,432 INFO: 博客应用启动 [in G:\test111 25.3.291449\app.py:115]
2025-03-30 08:34:41,835 INFO: 博客应用启动 [in G:\test111 25.3.291449\app.py:115]
2025-03-30 08:34:43,154 INFO: 博客应用启动 [in G:\test111 25.3.291449\app.py:115]
2025-03-30 08:35:10,858 INFO: 博客应用启动 [in G:\test111 25.3.291449\app.py:115]
2025-03-30 08:35:12,245 INFO: 博客应用启动 [in G:\test111 25.3.291449\app.py:115]
2025-03-30 08:36:32,385 INFO: 博客应用启动 [in G:\test111 25.3.291449\app.py:115]
2025-03-30 08:36:45,427 INFO: 博客应用启动 [in G:\test111 25.3.291449\app.py:115]
2025-03-30 08:36:46,776 INFO: 博客应用启动 [in G:\test111 25.3.291449\app.py:115]
2025-03-30 08:38:49,680 INFO: 博客应用启动 [in G:\test111 25.3.291449\app.py:115]
2025-03-30 08:38:50,999 INFO: 博客应用启动 [in G:\test111 25.3.291449\app.py:115]
2025-03-30 08:39:38,354 INFO: 博客应用启动 [in G:\test111 25.3.291449\app.py:115]
2025-03-30 08:39:39,948 INFO: 博客应用启动 [in G:\test111 25.3.291449\app.py:115]
2025-03-30 08:48:37,658 INFO: 博客应用启动 [in G:\test111 25.3.291449\app.py:115]
2025-03-30 08:48:41,852 INFO: 博客应用启动 [in G:\test111 25.3.291449\app.py:115]
2025-03-30 08:50:11,412 INFO: 博客应用启动 [in G:\test111 25.3.291449\app.py:115]
2025-03-30 08:52:34,156 INFO: 博客应用启动 [in G:\test111 25.3.291449\app.py:115]
2025-03-30 08:55:26,644 INFO: 博客应用启动 [in G:\test111 25.3.291449\app.py:115]
2025-03-30 08:55:36,958 INFO: 博客应用启动 [in G:\test111 25.3.291449\app.py:115]
2025-03-30 08:57:35,070 INFO: 博客应用启动 [in G:\test111 25.3.291449\app.py:115]
2025-03-30 08:59:44,547 INFO: 博客应用启动 [in G:\test111 25.3.291449\app.py:115]
2025-03-30 09:23:08,091 INFO: 博客应用启动 [in G:\test111 25.3.291449\app.py:115]
2025-03-30 09:23:10,018 INFO: 博客应用启动 [in G:\test111 25.3.291449\app.py:115]
2025-03-30 09:23:15,922 ERROR: 访问文章页面出错: Could not build url for endpoint 'add_comment' with values ['post_id']. Did you forget to specify values ['slug']? [in G:\test111 25.3.291449\app.py:459]
2025-03-30 09:24:53,019 INFO: 博客应用启动 [in G:\test111 25.3.291449\app.py:115]
2025-03-30 09:24:54,918 INFO: 博客应用启动 [in G:\test111 25.3.291449\app.py:115]
2025-03-30 09:44:58,477 INFO: 博客应用启动 [in G:\test111 25.3.291449\app.py:115]
2025-03-30 09:45:00,670 INFO: 博客应用启动 [in G:\test111 25.3.291449\app.py:115]
2025-03-30 09:46:02,504 ERROR: 访问文章页面出错: can only concatenate str (not "NoneType") to str [in G:\test111 25.3.291449\app.py:459]
2025-03-30 09:46:37,790 ERROR: 访问文章页面出错: can only concatenate str (not "NoneType") to str [in G:\test111 25.3.291449\app.py:459]
2025-03-30 09:47:23,402 INFO: 博客应用启动 [in G:\test111 25.3.291449\app.py:115]
2025-03-30 09:54:08,770 INFO: 博客应用启动 [in G:\test111 25.3.291449\app.py:115]
2025-03-30 09:58:15,223 INFO: 博客应用启动 [in G:\test111 25.3.291449\app.py:116]
2025-03-30 09:58:30,239 INFO: 收到评论请求 - 文章: gd11, 内容: 12... [in G:\test111 25.3.291449\app.py:1355]
2025-03-30 09:58:30,270 INFO: 正在保存评论... [in G:\test111 25.3.291449\app.py:1382]
2025-03-30 09:58:30,577 INFO: 评论已保存，ID: 3 [in G:\test111 25.3.291449\app.py:1385]
2025-03-30 10:08:13,978 INFO: 收到评论请求 - 文章: gd11, 内容: 1
... [in G:\test111 25.3.291449\app.py:1355]
2025-03-30 10:08:13,978 INFO: 正在保存评论... [in G:\test111 25.3.291449\app.py:1382]
2025-03-30 10:08:14,190 INFO: 评论已保存，ID: 4 [in G:\test111 25.3.291449\app.py:1385]
2025-03-30 10:16:58,213 INFO: 博客应用启动 [in G:\test111 25.3.291449\app.py:116]
2025-03-30 10:28:26,710 INFO: 博客应用启动 [in G:\test111 25.3.291449\app.py:116]
2025-03-30 10:28:28,232 INFO: 博客应用启动 [in G:\test111 25.3.291449\app.py:116]
2025-03-30 10:33:05,548 INFO: 博客应用启动 [in G:\test111 25.3.291449\app.py:116]
2025-03-30 10:33:07,429 INFO: 博客应用启动 [in G:\test111 25.3.291449\app.py:116]
2025-03-30 10:36:13,826 INFO: 收到评论请求 - 文章: gd11, 内容: 1... [in G:\test111 25.3.291449\app.py:1355]
2025-03-30 10:36:13,829 INFO: 正在保存评论... [in G:\test111 25.3.291449\app.py:1382]
2025-03-30 10:36:14,092 INFO: 评论已保存，ID: 5 [in G:\test111 25.3.291449\app.py:1385]
2025-03-30 10:38:32,608 INFO: 博客应用启动 [in G:\test111 25.3.291449\app.py:116]
2025-03-30 10:38:34,381 INFO: 博客应用启动 [in G:\test111 25.3.291449\app.py:116]
2025-03-30 10:59:30,731 INFO: 博客应用启动 [in G:\test111 25.3.291449\app.py:116]
2025-03-30 10:59:33,267 INFO: 博客应用启动 [in G:\test111 25.3.291449\app.py:116]
2025-03-30 11:02:58,676 INFO: 博客应用启动 [in G:\test111 25.3.291449\app.py:116]
2025-03-30 11:03:05,946 INFO: 博客应用启动 [in G:\test111 25.3.291449\app.py:116]
2025-03-30 11:05:14,469 INFO: 博客应用启动 [in G:\test111 25.3.291449\app.py:116]
2025-03-30 11:06:36,349 INFO: 博客应用启动 [in G:\test111 25.3.291449\app.py:116]
2025-03-30 11:09:07,830 INFO: 博客应用启动 [in G:\test111 25.3.291449\app.py:116]
2025-03-30 11:11:17,563 INFO: 博客应用启动 [in G:\test111 25.3.291449\app.py:116]
2025-03-30 11:14:46,363 INFO: 博客应用启动 [in G:\test111 25.3.291449\app.py:116]
2025-03-30 11:16:50,677 INFO: 博客应用启动 [in G:\test111 25.3.291449\app.py:116]
2025-03-30 11:25:23,761 INFO: 博客应用启动 [in G:\test111 25.3.291449\app.py:116]
2025-03-30 11:25:27,343 INFO: 博客应用启动 [in G:\test111 25.3.291449\app.py:116]
2025-03-30 11:29:27,766 INFO: 博客应用启动 [in G:\test111 25.3.291449\app.py:116]
2025-03-30 11:32:54,982 INFO: 博客应用启动 [in G:\test111 25.3.291449\app.py:116]
2025-03-30 11:33:53,235 INFO: 博客应用启动 [in G:\test111 25.3.291449\app.py:116]
2025-03-30 11:33:54,998 INFO: 博客应用启动 [in G:\test111 25.3.291449\app.py:116]
